2026-03-07 12:37:28.582 +01:00 [INF] OpenAPI-doc reachable at http://localhost:5001/scalar
2026-03-07 12:37:28.703 +01:00 [INF] Now listening on: http://localhost:5001
2026-03-07 12:37:28.705 +01:00 [INF] Application started. Press Ctrl+C to shut down.
2026-03-07 12:37:28.706 +01:00 [INF] Hosting environment: Development
2026-03-07 12:37:28.706 +01:00 [INF] Content root path: /Users/michaelwoeckinger/SPR6/DNAustria/product/backend/DNAustria/DNAustria.Api
2026-03-07 12:37:31.418 +01:00 [INF] Request starting HTTP/1.1 GET http://localhost:5001/scalar - null null
2026-03-07 12:37:31.436 +01:00 [WRN] Failed to determine the https port for redirect.
2026-03-07 12:37:31.438 +01:00 [INF] Executing endpoint 'HTTP: GET /scalar/{documentName?}'
2026-03-07 12:37:31.442 +01:00 [INF] Executing RedirectResult, redirecting to scalar/.
2026-03-07 12:37:31.442 +01:00 [INF] Executed endpoint 'HTTP: GET /scalar/{documentName?}'
2026-03-07 12:37:31.448 +01:00 [INF] Request finished HTTP/1.1 GET http://localhost:5001/scalar - 302 0 null 31.3336ms
2026-03-07 12:37:31.461 +01:00 [INF] Request starting HTTP/1.1 GET http://localhost:5001/scalar/ - null null
2026-03-07 12:37:31.463 +01:00 [INF] Executing endpoint 'HTTP: GET /scalar/{documentName?}'
2026-03-07 12:37:31.546 +01:00 [INF] Write content with HTTP Response ContentType of text/html
2026-03-07 12:37:31.546 +01:00 [INF] Executed endpoint 'HTTP: GET /scalar/{documentName?}'
2026-03-07 12:37:31.547 +01:00 [INF] Request finished HTTP/1.1 GET http://localhost:5001/scalar/ - 200 622 text/html 85.9638ms
2026-03-07 12:37:31.554 +01:00 [INF] Request starting HTTP/1.1 GET http://localhost:5001/scalar/scalar.js - null null
2026-03-07 12:37:31.557 +01:00 [INF] Request starting HTTP/1.1 GET http://localhost:5001/scalar/scalar.aspnetcore.js - null null
2026-03-07 12:37:31.566 +01:00 [INF] CORS policy execution successful.
2026-03-07 12:37:31.567 +01:00 [INF] Executing endpoint 'HTTP: GET /scalar/scalar.aspnetcore.js'
2026-03-07 12:37:31.567 +01:00 [INF] Executing endpoint 'HTTP: GET /scalar/scalar.js'
2026-03-07 12:37:31.570 +01:00 [INF] Sending file with download name ''.
2026-03-07 12:37:31.570 +01:00 [INF] Sending file with download name ''.
2026-03-07 12:37:31.573 +01:00 [INF] Executed endpoint 'HTTP: GET /scalar/scalar.aspnetcore.js'
2026-03-07 12:37:31.573 +01:00 [INF] Request finished HTTP/1.1 GET http://localhost:5001/scalar/scalar.aspnetcore.js - 200 1111 text/javascript 16.3837ms
2026-03-07 12:37:31.589 +01:00 [INF] Executed endpoint 'HTTP: GET /scalar/scalar.js'
2026-03-07 12:37:31.592 +01:00 [INF] Request finished HTTP/1.1 GET http://localhost:5001/scalar/scalar.js - 200 991987 text/javascript 38.2945ms
2026-03-07 12:37:31.752 +01:00 [INF] Request starting HTTP/1.1 GET http://localhost:5001/openapi/v1.json - null null
2026-03-07 12:37:31.754 +01:00 [INF] Executing endpoint 'HTTP: GET /openapi/{documentName}.json'
2026-03-07 12:37:31.924 +01:00 [INF] Executed endpoint 'HTTP: GET /openapi/{documentName}.json'
2026-03-07 12:37:31.924 +01:00 [INF] Request finished HTTP/1.1 GET http://localhost:5001/openapi/v1.json - 200 null application/json;charset=utf-8 172.6794ms
2026-03-07 12:37:31.926 +01:00 [INF] Request starting HTTP/1.1 GET http://localhost:5001/scalar/favicon.svg - null null
2026-03-07 12:37:31.927 +01:00 [INF] Executing endpoint 'HTTP: GET /scalar/favicon.svg'
2026-03-07 12:37:31.928 +01:00 [INF] Sending file with download name ''.
2026-03-07 12:37:31.931 +01:00 [INF] Executed endpoint 'HTTP: GET /scalar/favicon.svg'
2026-03-07 12:37:31.931 +01:00 [INF] Request finished HTTP/1.1 GET http://localhost:5001/scalar/favicon.svg - 200 533 image/svg+xml 5.169ms
2026-03-07 12:37:38.674 +01:00 [INF] Request starting HTTP/1.1 GET http://localhost:5001/api/Contacts - null null
2026-03-07 12:37:38.675 +01:00 [INF] Executing endpoint 'DNAustria.Api.Controllers.ContactsController.GetAll (DNAustria.Api)'
2026-03-07 12:37:38.702 +01:00 [INF] Route matched with {action = "GetAll", controller = "Contacts"}. Executing controller action with signature System.Threading.Tasks.Task`1[Microsoft.AspNetCore.Mvc.IActionResult] GetAll() on controller DNAustria.Api.Controllers.ContactsController (DNAustria.Api).
2026-03-07 12:37:38.790 +01:00 [INF] Executing action method DNAustria.Api.Controllers.ContactsController.GetAll (DNAustria.Api) - Validation state: "Valid"
2026-03-07 12:37:39.400 +01:00 [ERR] An error occurred using the connection to database 'dnaustria' on server 'tcp://localhost:5432'.
2026-03-07 12:37:39.417 +01:00 [ERR] An exception occurred while iterating over the results of a query for context type 'DNAustria.Dal.Data.AppDbContext'.
System.InvalidOperationException: An exception has been raised that is likely due to a transient failure.
 ---> Npgsql.NpgsqlException (0x80004005): Failed to connect to 127.0.0.1:5432
 ---> System.Net.Sockets.SocketException (61): Connection refused
   at System.Net.Sockets.Socket.AwaitableSocketAsyncEventArgs.ThrowException(SocketError error, CancellationToken cancellationToken)
   at System.Net.Sockets.Socket.AwaitableSocketAsyncEventArgs.System.Threading.Tasks.Sources.IValueTaskSource.GetResult(Int16 token)
   at Npgsql.Internal.NpgsqlConnector.ConnectAsync(NpgsqlTimeout timeout, CancellationToken cancellationToken)
   at Npgsql.Internal.NpgsqlConnector.ConnectAsync(NpgsqlTimeout timeout, CancellationToken cancellationToken)
   at Npgsql.Internal.NpgsqlConnector.RawOpen(NpgsqlTimeout timeout, Boolean async, CancellationToken cancellationToken)
   at Npgsql.Internal.NpgsqlConnector.<Open>g__OpenCore|209_0(NpgsqlConnector conn, String username, SslMode sslMode, GssEncryptionMode gssEncMode, NpgsqlTimeout timeout, Boolean async, CancellationToken cancellationToken)
   at Npgsql.Internal.NpgsqlConnector.Open(NpgsqlTimeout timeout, Boolean async, CancellationToken cancellationToken)
   at Npgsql.PoolingDataSource.OpenNewConnector(NpgsqlConnection conn, NpgsqlTimeout timeout, Boolean async, CancellationToken cancellationToken)
   at Npgsql.PoolingDataSource.<Get>g__RentAsync|33_0(NpgsqlConnection conn, NpgsqlTimeout timeout, Boolean async, CancellationToken cancellationToken)
   at Npgsql.NpgsqlConnection.<Open>g__OpenAsync|42_0(Boolean async, CancellationToken cancellationToken)
   at Microsoft.EntityFrameworkCore.Storage.RelationalConnection.OpenInternalAsync(Boolean errorsExpected, CancellationToken cancellationToken)
   at Microsoft.EntityFrameworkCore.Storage.RelationalConnection.OpenInternalAsync(Boolean errorsExpected, CancellationToken cancellationToken)
   at Microsoft.EntityFrameworkCore.Storage.RelationalConnection.OpenAsync(CancellationToken cancellationToken, Boolean errorsExpected)
   at Microsoft.EntityFrameworkCore.Storage.RelationalCommand.ExecuteReaderAsync(RelationalCommandParameterObject parameterObject, CancellationToken cancellationToken)
   at Microsoft.EntityFrameworkCore.Query.Internal.SingleQueryingEnumerable`1.AsyncEnumerator.InitializeReaderAsync(AsyncEnumerator enumerator, CancellationToken cancellationToken)
   at Npgsql.EntityFrameworkCore.PostgreSQL.Storage.Internal.NpgsqlExecutionStrategy.ExecuteAsync[TState,TResult](TState state, Func`4 operation, Func`4 verifySucceeded, CancellationToken cancellationToken)
   --- End of inner exception stack trace ---
   at Npgsql.EntityFrameworkCore.PostgreSQL.Storage.Internal.NpgsqlExecutionStrategy.ExecuteAsync[TState,TResult](TState state, Func`4 operation, Func`4 verifySucceeded, CancellationToken cancellationToken)
   at Microsoft.EntityFrameworkCore.Query.Internal.SingleQueryingEnumerable`1.AsyncEnumerator.MoveNextAsync()
System.InvalidOperationException: An exception has been raised that is likely due to a transient failure.
 ---> Npgsql.NpgsqlException (0x80004005): Failed to connect to 127.0.0.1:5432
 ---> System.Net.Sockets.SocketException (61): Connection refused
   at System.Net.Sockets.Socket.AwaitableSocketAsyncEventArgs.ThrowException(SocketError error, CancellationToken cancellationToken)
   at System.Net.Sockets.Socket.AwaitableSocketAsyncEventArgs.System.Threading.Tasks.Sources.IValueTaskSource.GetResult(Int16 token)
   at Npgsql.Internal.NpgsqlConnector.ConnectAsync(NpgsqlTimeout timeout, CancellationToken cancellationToken)
   at Npgsql.Internal.NpgsqlConnector.ConnectAsync(NpgsqlTimeout timeout, CancellationToken cancellationToken)
   at Npgsql.Internal.NpgsqlConnector.RawOpen(NpgsqlTimeout timeout, Boolean async, CancellationToken cancellationToken)
   at Npgsql.Internal.NpgsqlConnector.<Open>g__OpenCore|209_0(NpgsqlConnector conn, String username, SslMode sslMode, GssEncryptionMode gssEncMode, NpgsqlTimeout timeout, Boolean async, CancellationToken cancellationToken)
   at Npgsql.Internal.NpgsqlConnector.Open(NpgsqlTimeout timeout, Boolean async, CancellationToken cancellationToken)
   at Npgsql.PoolingDataSource.OpenNewConnector(NpgsqlConnection conn, NpgsqlTimeout timeout, Boolean async, CancellationToken cancellationToken)
   at Npgsql.PoolingDataSource.<Get>g__RentAsync|33_0(NpgsqlConnection conn, NpgsqlTimeout timeout, Boolean async, CancellationToken cancellationToken)
   at Npgsql.NpgsqlConnection.<Open>g__OpenAsync|42_0(Boolean async, CancellationToken cancellationToken)
   at Microsoft.EntityFrameworkCore.Storage.RelationalConnection.OpenInternalAsync(Boolean errorsExpected, CancellationToken cancellationToken)
   at Microsoft.EntityFrameworkCore.Storage.RelationalConnection.OpenInternalAsync(Boolean errorsExpected, CancellationToken cancellationToken)
   at Microsoft.EntityFrameworkCore.Storage.RelationalConnection.OpenAsync(CancellationToken cancellationToken, Boolean errorsExpected)
   at Microsoft.EntityFrameworkCore.Storage.RelationalCommand.ExecuteReaderAsync(RelationalCommandParameterObject parameterObject, CancellationToken cancellationToken)
   at Microsoft.EntityFrameworkCore.Query.Internal.SingleQueryingEnumerable`1.AsyncEnumerator.InitializeReaderAsync(AsyncEnumerator enumerator, CancellationToken cancellationToken)
   at Npgsql.EntityFrameworkCore.PostgreSQL.Storage.Internal.NpgsqlExecutionStrategy.ExecuteAsync[TState,TResult](TState state, Func`4 operation, Func`4 verifySucceeded, CancellationToken cancellationToken)
   --- End of inner exception stack trace ---
   at Npgsql.EntityFrameworkCore.PostgreSQL.Storage.Internal.NpgsqlExecutionStrategy.ExecuteAsync[TState,TResult](TState state, Func`4 operation, Func`4 verifySucceeded, CancellationToken cancellationToken)
   at Microsoft.EntityFrameworkCore.Query.Internal.SingleQueryingEnumerable`1.AsyncEnumerator.MoveNextAsync()
2026-03-07 12:37:39.431 +01:00 [INF] Executed action DNAustria.Api.Controllers.ContactsController.GetAll (DNAustria.Api) in 724.9367ms
2026-03-07 12:37:39.432 +01:00 [INF] Executed endpoint 'DNAustria.Api.Controllers.ContactsController.GetAll (DNAustria.Api)'
2026-03-07 12:37:39.432 +01:00 [ERR] An unhandled exception has occurred while executing the request.
System.InvalidOperationException: An exception has been raised that is likely due to a transient failure.
 ---> Npgsql.NpgsqlException (0x80004005): Failed to connect to 127.0.0.1:5432
 ---> System.Net.Sockets.SocketException (61): Connection refused
   at System.Net.Sockets.Socket.AwaitableSocketAsyncEventArgs.ThrowException(SocketError error, CancellationToken cancellationToken)
   at System.Net.Sockets.Socket.AwaitableSocketAsyncEventArgs.System.Threading.Tasks.Sources.IValueTaskSource.GetResult(Int16 token)
   at Npgsql.Internal.NpgsqlConnector.ConnectAsync(NpgsqlTimeout timeout, CancellationToken cancellationToken)
   at Npgsql.Internal.NpgsqlConnector.ConnectAsync(NpgsqlTimeout timeout, CancellationToken cancellationToken)
   at Npgsql.Internal.NpgsqlConnector.RawOpen(NpgsqlTimeout timeout, Boolean async, CancellationToken cancellationToken)
   at Npgsql.Internal.NpgsqlConnector.<Open>g__OpenCore|209_0(NpgsqlConnector conn, String username, SslMode sslMode, GssEncryptionMode gssEncMode, NpgsqlTimeout timeout, Boolean async, CancellationToken cancellationToken)
   at Npgsql.Internal.NpgsqlConnector.Open(NpgsqlTimeout timeout, Boolean async, CancellationToken cancellationToken)
   at Npgsql.PoolingDataSource.OpenNewConnector(NpgsqlConnection conn, NpgsqlTimeout timeout, Boolean async, CancellationToken cancellationToken)
   at Npgsql.PoolingDataSource.<Get>g__RentAsync|33_0(NpgsqlConnection conn, NpgsqlTimeout timeout, Boolean async, CancellationToken cancellationToken)
   at Npgsql.NpgsqlConnection.<Open>g__OpenAsync|42_0(Boolean async, CancellationToken cancellationToken)
   at Microsoft.EntityFrameworkCore.Storage.RelationalConnection.OpenInternalAsync(Boolean errorsExpected, CancellationToken cancellationToken)
   at Microsoft.EntityFrameworkCore.Storage.RelationalConnection.OpenInternalAsync(Boolean errorsExpected, CancellationToken cancellationToken)
   at Microsoft.EntityFrameworkCore.Storage.RelationalConnection.OpenAsync(CancellationToken cancellationToken, Boolean errorsExpected)
   at Microsoft.EntityFrameworkCore.Storage.RelationalCommand.ExecuteReaderAsync(RelationalCommandParameterObject parameterObject, CancellationToken cancellationToken)
   at Microsoft.EntityFrameworkCore.Query.Internal.SingleQueryingEnumerable`1.AsyncEnumerator.InitializeReaderAsync(AsyncEnumerator enumerator, CancellationToken cancellationToken)
   at Npgsql.EntityFrameworkCore.PostgreSQL.Storage.Internal.NpgsqlExecutionStrategy.ExecuteAsync[TState,TResult](TState state, Func`4 operation, Func`4 verifySucceeded, CancellationToken cancellationToken)
   --- End of inner exception stack trace ---
   at Npgsql.EntityFrameworkCore.PostgreSQL.Storage.Internal.NpgsqlExecutionStrategy.ExecuteAsync[TState,TResult](TState state, Func`4 operation, Func`4 verifySucceeded, CancellationToken cancellationToken)
   at Microsoft.EntityFrameworkCore.Query.Internal.SingleQueryingEnumerable`1.AsyncEnumerator.MoveNextAsync()
   at Microsoft.EntityFrameworkCore.EntityFrameworkQueryableExtensions.ToListAsync[TSource](IQueryable`1 source, CancellationToken cancellationToken)
   at Microsoft.EntityFrameworkCore.EntityFrameworkQueryableExtensions.ToListAsync[TSource](IQueryable`1 source, CancellationToken cancellationToken)
   at DNAustria.Logic.ContactsLogic.GetAllAsync() in /Users/michaelwoeckinger/SPR6/DNAustria/product/backend/DNAustria/DNAustria.Logic/ContactsLogic.cs:line 13
   at DNAustria.Api.Controllers.ContactsController.GetAll() in /Users/michaelwoeckinger/SPR6/DNAustria/product/backend/DNAustria/DNAustria.Api/Controllers/ContactsController.cs:line 16
   at Microsoft.AspNetCore.Mvc.Infrastructure.ActionMethodExecutor.TaskOfIActionResultExecutor.Execute(ActionContext actionContext, IActionResultTypeMapper mapper, ObjectMethodExecutor executor, Object controller, Object[] arguments)
   at Microsoft.AspNetCore.Mvc.Infrastructure.ControllerActionInvoker.<InvokeActionMethodAsync>g__Logged|12_1(ControllerActionInvoker invoker)
   at Microsoft.AspNetCore.Mvc.Infrastructure.ControllerActionInvoker.<InvokeNextActionFilterAsync>g__Awaited|10_0(ControllerActionInvoker invoker, Task lastTask, State next, Scope scope, Object state, Boolean isCompleted)
   at Microsoft.AspNetCore.Mvc.Infrastructure.ControllerActionInvoker.Rethrow(ActionExecutedContextSealed context)
   at Microsoft.AspNetCore.Mvc.Infrastructure.ControllerActionInvoker.Next(State& next, Scope& scope, Object& state, Boolean& isCompleted)
   at Microsoft.AspNetCore.Mvc.Infrastructure.ControllerActionInvoker.<InvokeInnerFilterAsync>g__Awaited|13_0(ControllerActionInvoker invoker, Task lastTask, State next, Scope scope, Object state, Boolean isCompleted)
   at Microsoft.AspNetCore.Mvc.Infrastructure.ResourceInvoker.<InvokeFilterPipelineAsync>g__Awaited|20_0(ResourceInvoker invoker, Task lastTask, State next, Scope scope, Object state, Boolean isCompleted)
   at Microsoft.AspNetCore.Mvc.Infrastructure.ResourceInvoker.<InvokeAsync>g__Logged|17_1(ResourceInvoker invoker)
   at Microsoft.AspNetCore.Mvc.Infrastructure.ResourceInvoker.<InvokeAsync>g__Logged|17_1(ResourceInvoker invoker)
   at Microsoft.AspNetCore.Routing.EndpointMiddleware.<Invoke>g__AwaitRequestTask|7_0(Endpoint endpoint, Task requestTask, ILogger logger)
   at Microsoft.AspNetCore.Authorization.AuthorizationMiddleware.Invoke(HttpContext context)
   at Microsoft.AspNetCore.Authentication.AuthenticationMiddleware.Invoke(HttpContext context)
   at Microsoft.AspNetCore.Diagnostics.DeveloperExceptionPageMiddlewareImpl.Invoke(HttpContext context)
2026-03-07 12:37:39.454 +01:00 [INF] Request finished HTTP/1.1 GET http://localhost:5001/api/Contacts - 500 null text/plain; charset=utf-8 780.3559ms
2026-03-07 12:37:48.086 +01:00 [INF] Request starting HTTP/1.1 GET http://localhost:5001/api/Contacts - null null
2026-03-07 12:37:48.088 +01:00 [INF] Executing endpoint 'DNAustria.Api.Controllers.ContactsController.GetAll (DNAustria.Api)'
2026-03-07 12:37:48.089 +01:00 [INF] Route matched with {action = "GetAll", controller = "Contacts"}. Executing controller action with signature System.Threading.Tasks.Task`1[Microsoft.AspNetCore.Mvc.IActionResult] GetAll() on controller DNAustria.Api.Controllers.ContactsController (DNAustria.Api).
2026-03-07 12:37:48.091 +01:00 [INF] Executing action method DNAustria.Api.Controllers.ContactsController.GetAll (DNAustria.Api) - Validation state: "Valid"
2026-03-07 12:37:48.115 +01:00 [ERR] An error occurred using the connection to database 'dnaustria' on server 'tcp://localhost:5432'.
2026-03-07 12:37:48.117 +01:00 [ERR] An exception occurred while iterating over the results of a query for context type 'DNAustria.Dal.Data.AppDbContext'.
System.InvalidOperationException: An exception has been raised that is likely due to a transient failure.
 ---> Npgsql.NpgsqlException (0x80004005): Failed to connect to 127.0.0.1:5432
 ---> System.Net.Sockets.SocketException (61): Connection refused
   at System.Net.Sockets.Socket.AwaitableSocketAsyncEventArgs.ThrowException(SocketError error, CancellationToken cancellationToken)
   at System.Net.Sockets.Socket.AwaitableSocketAsyncEventArgs.System.Threading.Tasks.Sources.IValueTaskSource.GetResult(Int16 token)
   at Npgsql.Internal.NpgsqlConnector.ConnectAsync(NpgsqlTimeout timeout, CancellationToken cancellationToken)
   at Npgsql.Internal.NpgsqlConnector.ConnectAsync(NpgsqlTimeout timeout, CancellationToken cancellationToken)
   at Npgsql.Internal.NpgsqlConnector.RawOpen(NpgsqlTimeout timeout, Boolean async, CancellationToken cancellationToken)
   at Npgsql.Internal.NpgsqlConnector.<Open>g__OpenCore|209_0(NpgsqlConnector conn, String username, SslMode sslMode, GssEncryptionMode gssEncMode, NpgsqlTimeout timeout, Boolean async, CancellationToken cancellationToken)
   at Npgsql.Internal.NpgsqlConnector.Open(NpgsqlTimeout timeout, Boolean async, CancellationToken cancellationToken)
   at Npgsql.PoolingDataSource.OpenNewConnector(NpgsqlConnection conn, NpgsqlTimeout timeout, Boolean async, CancellationToken cancellationToken)
   at Npgsql.PoolingDataSource.<Get>g__RentAsync|33_0(NpgsqlConnection conn, NpgsqlTimeout timeout, Boolean async, CancellationToken cancellationToken)
   at Npgsql.NpgsqlConnection.<Open>g__OpenAsync|42_0(Boolean async, CancellationToken cancellationToken)
   at Microsoft.EntityFrameworkCore.Storage.RelationalConnection.OpenInternalAsync(Boolean errorsExpected, CancellationToken cancellationToken)
   at Microsoft.EntityFrameworkCore.Storage.RelationalConnection.OpenInternalAsync(Boolean errorsExpected, CancellationToken cancellationToken)
   at Microsoft.EntityFrameworkCore.Storage.RelationalConnection.OpenAsync(CancellationToken cancellationToken, Boolean errorsExpected)
   at Microsoft.EntityFrameworkCore.Storage.RelationalCommand.ExecuteReaderAsync(RelationalCommandParameterObject parameterObject, CancellationToken cancellationToken)
   at Microsoft.EntityFrameworkCore.Query.Internal.SingleQueryingEnumerable`1.AsyncEnumerator.InitializeReaderAsync(AsyncEnumerator enumerator, CancellationToken cancellationToken)
   at Npgsql.EntityFrameworkCore.PostgreSQL.Storage.Internal.NpgsqlExecutionStrategy.ExecuteAsync[TState,TResult](TState state, Func`4 operation, Func`4 verifySucceeded, CancellationToken cancellationToken)
   --- End of inner exception stack trace ---
   at Npgsql.EntityFrameworkCore.PostgreSQL.Storage.Internal.NpgsqlExecutionStrategy.ExecuteAsync[TState,TResult](TState state, Func`4 operation, Func`4 verifySucceeded, CancellationToken cancellationToken)
   at Microsoft.EntityFrameworkCore.Query.Internal.SingleQueryingEnumerable`1.AsyncEnumerator.MoveNextAsync()
System.InvalidOperationException: An exception has been raised that is likely due to a transient failure.
 ---> Npgsql.NpgsqlException (0x80004005): Failed to connect to 127.0.0.1:5432
 ---> System.Net.Sockets.SocketException (61): Connection refused
   at System.Net.Sockets.Socket.AwaitableSocketAsyncEventArgs.ThrowException(SocketError error, CancellationToken cancellationToken)
   at System.Net.Sockets.Socket.AwaitableSocketAsyncEventArgs.System.Threading.Tasks.Sources.IValueTaskSource.GetResult(Int16 token)
   at Npgsql.Internal.NpgsqlConnector.ConnectAsync(NpgsqlTimeout timeout, CancellationToken cancellationToken)
   at Npgsql.Internal.NpgsqlConnector.ConnectAsync(NpgsqlTimeout timeout, CancellationToken cancellationToken)
   at Npgsql.Internal.NpgsqlConnector.RawOpen(NpgsqlTimeout timeout, Boolean async, CancellationToken cancellationToken)
   at Npgsql.Internal.NpgsqlConnector.<Open>g__OpenCore|209_0(NpgsqlConnector conn, String username, SslMode sslMode, GssEncryptionMode gssEncMode, NpgsqlTimeout timeout, Boolean async, CancellationToken cancellationToken)
   at Npgsql.Internal.NpgsqlConnector.Open(NpgsqlTimeout timeout, Boolean async, CancellationToken cancellationToken)
   at Npgsql.PoolingDataSource.OpenNewConnector(NpgsqlConnection conn, NpgsqlTimeout timeout, Boolean async, CancellationToken cancellationToken)
   at Npgsql.PoolingDataSource.<Get>g__RentAsync|33_0(NpgsqlConnection conn, NpgsqlTimeout timeout, Boolean async, CancellationToken cancellationToken)
   at Npgsql.NpgsqlConnection.<Open>g__OpenAsync|42_0(Boolean async, CancellationToken cancellationToken)
   at Microsoft.EntityFrameworkCore.Storage.RelationalConnection.OpenInternalAsync(Boolean errorsExpected, CancellationToken cancellationToken)
   at Microsoft.EntityFrameworkCore.Storage.RelationalConnection.OpenInternalAsync(Boolean errorsExpected, CancellationToken cancellationToken)
   at Microsoft.EntityFrameworkCore.Storage.RelationalConnection.OpenAsync(CancellationToken cancellationToken, Boolean errorsExpected)
   at Microsoft.EntityFrameworkCore.Storage.RelationalCommand.ExecuteReaderAsync(RelationalCommandParameterObject parameterObject, CancellationToken cancellationToken)
   at Microsoft.EntityFrameworkCore.Query.Internal.SingleQueryingEnumerable`1.AsyncEnumerator.InitializeReaderAsync(AsyncEnumerator enumerator, CancellationToken cancellationToken)
   at Npgsql.EntityFrameworkCore.PostgreSQL.Storage.Internal.NpgsqlExecutionStrategy.ExecuteAsync[TState,TResult](TState state, Func`4 operation, Func`4 verifySucceeded, CancellationToken cancellationToken)
   --- End of inner exception stack trace ---
   at Npgsql.EntityFrameworkCore.PostgreSQL.Storage.Internal.NpgsqlExecutionStrategy.ExecuteAsync[TState,TResult](TState state, Func`4 operation, Func`4 verifySucceeded, CancellationToken cancellationToken)
   at Microsoft.EntityFrameworkCore.Query.Internal.SingleQueryingEnumerable`1.AsyncEnumerator.MoveNextAsync()
2026-03-07 12:37:48.122 +01:00 [INF] Executed action DNAustria.Api.Controllers.ContactsController.GetAll (DNAustria.Api) in 32.8226ms
2026-03-07 12:37:48.122 +01:00 [INF] Executed endpoint 'DNAustria.Api.Controllers.ContactsController.GetAll (DNAustria.Api)'
2026-03-07 12:37:48.122 +01:00 [ERR] An unhandled exception has occurred while executing the request.
System.InvalidOperationException: An exception has been raised that is likely due to a transient failure.
 ---> Npgsql.NpgsqlException (0x80004005): Failed to connect to 127.0.0.1:5432
 ---> System.Net.Sockets.SocketException (61): Connection refused
   at System.Net.Sockets.Socket.AwaitableSocketAsyncEventArgs.ThrowException(SocketError error, CancellationToken cancellationToken)
   at System.Net.Sockets.Socket.AwaitableSocketAsyncEventArgs.System.Threading.Tasks.Sources.IValueTaskSource.GetResult(Int16 token)
   at Npgsql.Internal.NpgsqlConnector.ConnectAsync(NpgsqlTimeout timeout, CancellationToken cancellationToken)
   at Npgsql.Internal.NpgsqlConnector.ConnectAsync(NpgsqlTimeout timeout, CancellationToken cancellationToken)
   at Npgsql.Internal.NpgsqlConnector.RawOpen(NpgsqlTimeout timeout, Boolean async, CancellationToken cancellationToken)
   at Npgsql.Internal.NpgsqlConnector.<Open>g__OpenCore|209_0(NpgsqlConnector conn, String username, SslMode sslMode, GssEncryptionMode gssEncMode, NpgsqlTimeout timeout, Boolean async, CancellationToken cancellationToken)
   at Npgsql.Internal.NpgsqlConnector.Open(NpgsqlTimeout timeout, Boolean async, CancellationToken cancellationToken)
   at Npgsql.PoolingDataSource.OpenNewConnector(NpgsqlConnection conn, NpgsqlTimeout timeout, Boolean async, CancellationToken cancellationToken)
   at Npgsql.PoolingDataSource.<Get>g__RentAsync|33_0(NpgsqlConnection conn, NpgsqlTimeout timeout, Boolean async, CancellationToken cancellationToken)
   at Npgsql.NpgsqlConnection.<Open>g__OpenAsync|42_0(Boolean async, CancellationToken cancellationToken)
   at Microsoft.EntityFrameworkCore.Storage.RelationalConnection.OpenInternalAsync(Boolean errorsExpected, CancellationToken cancellationToken)
   at Microsoft.EntityFrameworkCore.Storage.RelationalConnection.OpenInternalAsync(Boolean errorsExpected, CancellationToken cancellationToken)
   at Microsoft.EntityFrameworkCore.Storage.RelationalConnection.OpenAsync(CancellationToken cancellationToken, Boolean errorsExpected)
   at Microsoft.EntityFrameworkCore.Storage.RelationalCommand.ExecuteReaderAsync(RelationalCommandParameterObject parameterObject, CancellationToken cancellationToken)
   at Microsoft.EntityFrameworkCore.Query.Internal.SingleQueryingEnumerable`1.AsyncEnumerator.InitializeReaderAsync(AsyncEnumerator enumerator, CancellationToken cancellationToken)
   at Npgsql.EntityFrameworkCore.PostgreSQL.Storage.Internal.NpgsqlExecutionStrategy.ExecuteAsync[TState,TResult](TState state, Func`4 operation, Func`4 verifySucceeded, CancellationToken cancellationToken)
   --- End of inner exception stack trace ---
   at Npgsql.EntityFrameworkCore.PostgreSQL.Storage.Internal.NpgsqlExecutionStrategy.ExecuteAsync[TState,TResult](TState state, Func`4 operation, Func`4 verifySucceeded, CancellationToken cancellationToken)
   at Microsoft.EntityFrameworkCore.Query.Internal.SingleQueryingEnumerable`1.AsyncEnumerator.MoveNextAsync()
   at Microsoft.EntityFrameworkCore.EntityFrameworkQueryableExtensions.ToListAsync[TSource](IQueryable`1 source, CancellationToken cancellationToken)
   at Microsoft.EntityFrameworkCore.EntityFrameworkQueryableExtensions.ToListAsync[TSource](IQueryable`1 source, CancellationToken cancellationToken)
   at DNAustria.Logic.ContactsLogic.GetAllAsync() in /Users/michaelwoeckinger/SPR6/DNAustria/product/backend/DNAustria/DNAustria.Logic/ContactsLogic.cs:line 13
   at DNAustria.Api.Controllers.ContactsController.GetAll() in /Users/michaelwoeckinger/SPR6/DNAustria/product/backend/DNAustria/DNAustria.Api/Controllers/ContactsController.cs:line 16
   at Microsoft.AspNetCore.Mvc.Infrastructure.ActionMethodExecutor.TaskOfIActionResultExecutor.Execute(ActionContext actionContext, IActionResultTypeMapper mapper, ObjectMethodExecutor executor, Object controller, Object[] arguments)
   at Microsoft.AspNetCore.Mvc.Infrastructure.ControllerActionInvoker.<InvokeActionMethodAsync>g__Logged|12_1(ControllerActionInvoker invoker)
   at Microsoft.AspNetCore.Mvc.Infrastructure.ControllerActionInvoker.<InvokeNextActionFilterAsync>g__Awaited|10_0(ControllerActionInvoker invoker, Task lastTask, State next, Scope scope, Object state, Boolean isCompleted)
   at Microsoft.AspNetCore.Mvc.Infrastructure.ControllerActionInvoker.Rethrow(ActionExecutedContextSealed context)
   at Microsoft.AspNetCore.Mvc.Infrastructure.ControllerActionInvoker.Next(State& next, Scope& scope, Object& state, Boolean& isCompleted)
   at Microsoft.AspNetCore.Mvc.Infrastructure.ControllerActionInvoker.<InvokeInnerFilterAsync>g__Awaited|13_0(ControllerActionInvoker invoker, Task lastTask, State next, Scope scope, Object state, Boolean isCompleted)
   at Microsoft.AspNetCore.Mvc.Infrastructure.ResourceInvoker.<InvokeFilterPipelineAsync>g__Awaited|20_0(ResourceInvoker invoker, Task lastTask, State next, Scope scope, Object state, Boolean isCompleted)
   at Microsoft.AspNetCore.Mvc.Infrastructure.ResourceInvoker.<InvokeAsync>g__Logged|17_1(ResourceInvoker invoker)
   at Microsoft.AspNetCore.Mvc.Infrastructure.ResourceInvoker.<InvokeAsync>g__Logged|17_1(ResourceInvoker invoker)
   at Microsoft.AspNetCore.Routing.EndpointMiddleware.<Invoke>g__AwaitRequestTask|7_0(Endpoint endpoint, Task requestTask, ILogger logger)
   at Microsoft.AspNetCore.Authorization.AuthorizationMiddleware.Invoke(HttpContext context)
   at Microsoft.AspNetCore.Authentication.AuthenticationMiddleware.Invoke(HttpContext context)
   at Microsoft.AspNetCore.Diagnostics.DeveloperExceptionPageMiddlewareImpl.Invoke(HttpContext context)
2026-03-07 12:37:48.129 +01:00 [INF] Request finished HTTP/1.1 GET http://localhost:5001/api/Contacts - 500 null text/plain; charset=utf-8 42.277ms
2026-03-07 12:39:26.043 +01:00 [INF] Request starting HTTP/1.1 GET http://localhost:5001/api/Contacts - null null
2026-03-07 12:39:26.046 +01:00 [INF] Executing endpoint 'DNAustria.Api.Controllers.ContactsController.GetAll (DNAustria.Api)'
2026-03-07 12:39:26.049 +01:00 [INF] Route matched with {action = "GetAll", controller = "Contacts"}. Executing controller action with signature System.Threading.Tasks.Task`1[Microsoft.AspNetCore.Mvc.IActionResult] GetAll() on controller DNAustria.Api.Controllers.ContactsController (DNAustria.Api).
2026-03-07 12:39:26.055 +01:00 [INF] Executing action method DNAustria.Api.Controllers.ContactsController.GetAll (DNAustria.Api) - Validation state: "Valid"
2026-03-07 12:39:26.638 +01:00 [INF] Executed DbCommand (19ms) [Parameters=[], CommandType='"Text"', CommandTimeout='30']
SELECT c.id, c.email, c.name, c.organization, c.phone
FROM contact AS c
2026-03-07 12:39:26.651 +01:00 [INF] Executed action method DNAustria.Api.Controllers.ContactsController.GetAll (DNAustria.Api), returned result Microsoft.AspNetCore.Mvc.OkObjectResult in 593.7198ms.
2026-03-07 12:39:26.655 +01:00 [INF] Executing OkObjectResult, writing value of type 'System.Linq.Enumerable+ListSelectIterator`2[[DNAustria.Domain.Contact, DNAustria.Domain, Version=1.0.0.0, Culture=neutral, PublicKeyToken=null],[DNAustria.Api.Dtos.Contacts.ContactDto, DNAustria.Api, Version=1.0.0.0, Culture=neutral, PublicKeyToken=null]]'.
2026-03-07 12:39:26.660 +01:00 [INF] Executed action DNAustria.Api.Controllers.ContactsController.GetAll (DNAustria.Api) in 609.9488ms
2026-03-07 12:39:26.660 +01:00 [INF] Executed endpoint 'DNAustria.Api.Controllers.ContactsController.GetAll (DNAustria.Api)'
2026-03-07 12:39:26.660 +01:00 [INF] Request finished HTTP/1.1 GET http://localhost:5001/api/Contacts - 200 null application/json; charset=utf-8 617.1577ms
2026-03-07 12:39:59.539 +01:00 [INF] Request starting HTTP/1.1 POST http://localhost:5001/api/Contacts - application/json 99
2026-03-07 12:39:59.540 +01:00 [INF] CORS policy execution successful.
2026-03-07 12:39:59.540 +01:00 [INF] Executing endpoint 'DNAustria.Api.Controllers.ContactsController.Create (DNAustria.Api)'
2026-03-07 12:39:59.555 +01:00 [INF] Route matched with {action = "Create", controller = "Contacts"}. Executing controller action with signature System.Threading.Tasks.Task`1[Microsoft.AspNetCore.Mvc.IActionResult] Create(DNAustria.Api.Dtos.Contacts.CreateContactDto) on controller DNAustria.Api.Controllers.ContactsController (DNAustria.Api).
2026-03-07 12:39:59.582 +01:00 [INF] Executing action method DNAustria.Api.Controllers.ContactsController.Create (DNAustria.Api) - Validation state: "Valid"
2026-03-07 12:39:59.720 +01:00 [INF] Executed DbCommand (36ms) [Parameters=[@p0='?', @p1='?', @p2='?', @p3='?'], CommandType='"Text"', CommandTimeout='30']
INSERT INTO contact (email, name, organization, phone)
VALUES (@p0, @p1, @p2, @p3)
RETURNING id;
2026-03-07 12:39:59.737 +01:00 [INF] Executed action method DNAustria.Api.Controllers.ContactsController.Create (DNAustria.Api), returned result Microsoft.AspNetCore.Mvc.CreatedAtActionResult in 155.5207ms.
2026-03-07 12:39:59.737 +01:00 [INF] Executing CreatedAtActionResult, writing value of type 'DNAustria.Api.Dtos.Contacts.ContactDto'.
2026-03-07 12:39:59.750 +01:00 [INF] Executed action DNAustria.Api.Controllers.ContactsController.Create (DNAustria.Api) in 193.8785ms
2026-03-07 12:39:59.750 +01:00 [INF] Executed endpoint 'DNAustria.Api.Controllers.ContactsController.Create (DNAustria.Api)'
2026-03-07 12:39:59.750 +01:00 [INF] Request finished HTTP/1.1 POST http://localhost:5001/api/Contacts - 201 null application/json; charset=utf-8 210.8387ms
2026-03-07 12:40:12.551 +01:00 [INF] Request starting HTTP/1.1 GET http://localhost:5001/api/Contacts/7 - null null
2026-03-07 12:40:12.551 +01:00 [INF] Executing endpoint 'DNAustria.Api.Controllers.ContactsController.GetById (DNAustria.Api)'
2026-03-07 12:40:12.557 +01:00 [INF] Route matched with {action = "GetById", controller = "Contacts"}. Executing controller action with signature System.Threading.Tasks.Task`1[Microsoft.AspNetCore.Mvc.IActionResult] GetById(Int32) on controller DNAustria.Api.Controllers.ContactsController (DNAustria.Api).
2026-03-07 12:40:12.558 +01:00 [INF] Executing action method DNAustria.Api.Controllers.ContactsController.GetById (DNAustria.Api) - Validation state: "Valid"
2026-03-07 12:40:12.599 +01:00 [INF] Executed DbCommand (2ms) [Parameters=[@p='?' (DbType = Int32)], CommandType='"Text"', CommandTimeout='30']
SELECT c.id, c.email, c.name, c.organization, c.phone
FROM contact AS c
WHERE c.id = @p
LIMIT 1
2026-03-07 12:40:12.602 +01:00 [INF] Executed action method DNAustria.Api.Controllers.ContactsController.GetById (DNAustria.Api), returned result Microsoft.AspNetCore.Mvc.OkObjectResult in 44.4847ms.
2026-03-07 12:40:12.603 +01:00 [INF] Executing OkObjectResult, writing value of type 'DNAustria.Api.Dtos.Contacts.ContactDto'.
2026-03-07 12:40:12.603 +01:00 [INF] Executed action DNAustria.Api.Controllers.ContactsController.GetById (DNAustria.Api) in 45.7747ms
2026-03-07 12:40:12.603 +01:00 [INF] Executed endpoint 'DNAustria.Api.Controllers.ContactsController.GetById (DNAustria.Api)'
2026-03-07 12:40:12.603 +01:00 [INF] Request finished HTTP/1.1 GET http://localhost:5001/api/Contacts/7 - 200 null application/json; charset=utf-8 52.0912ms
2026-03-07 12:41:03.439 +01:00 [INF] Request starting HTTP/1.1 PUT http://localhost:5001/api/Contacts/7 - application/json 111
2026-03-07 12:41:03.441 +01:00 [INF] CORS policy execution successful.
2026-03-07 12:41:03.442 +01:00 [INF] Executing endpoint 'DNAustria.Api.Controllers.ContactsController.Update (DNAustria.Api)'
2026-03-07 12:41:03.454 +01:00 [INF] Route matched with {action = "Update", controller = "Contacts"}. Executing controller action with signature System.Threading.Tasks.Task`1[Microsoft.AspNetCore.Mvc.IActionResult] Update(Int32, DNAustria.Api.Dtos.Contacts.UpdateContactDto) on controller DNAustria.Api.Controllers.ContactsController (DNAustria.Api).
2026-03-07 12:41:03.462 +01:00 [INF] Executing action method DNAustria.Api.Controllers.ContactsController.Update (DNAustria.Api) - Validation state: "Valid"
2026-03-07 12:41:03.486 +01:00 [INF] Executed DbCommand (12ms) [Parameters=[@p='?' (DbType = Int32)], CommandType='"Text"', CommandTimeout='30']
SELECT c.id, c.email, c.name, c.organization, c.phone
FROM contact AS c
WHERE c.id = @p
LIMIT 1
2026-03-07 12:41:03.513 +01:00 [INF] Executed DbCommand (10ms) [Parameters=[@p2='?' (DbType = Int32), @p0='?', @p1='?'], CommandType='"Text"', CommandTimeout='30']
UPDATE contact SET name = @p0, phone = @p1
WHERE id = @p2;
2026-03-07 12:41:03.513 +01:00 [INF] Executed action method DNAustria.Api.Controllers.ContactsController.Update (DNAustria.Api), returned result Microsoft.AspNetCore.Mvc.OkObjectResult in 51.5552ms.
2026-03-07 12:41:03.514 +01:00 [INF] Executing OkObjectResult, writing value of type 'DNAustria.Api.Dtos.Contacts.ContactDto'.
2026-03-07 12:41:03.514 +01:00 [INF] Executed action DNAustria.Api.Controllers.ContactsController.Update (DNAustria.Api) in 60.1554ms
2026-03-07 12:41:03.514 +01:00 [INF] Executed endpoint 'DNAustria.Api.Controllers.ContactsController.Update (DNAustria.Api)'
2026-03-07 12:41:03.514 +01:00 [INF] Request finished HTTP/1.1 PUT http://localhost:5001/api/Contacts/7 - 200 null application/json; charset=utf-8 75.3172ms
2026-03-07 12:41:11.970 +01:00 [INF] Request starting HTTP/1.1 GET http://localhost:5001/api/Contacts/7 - null null
2026-03-07 12:41:11.971 +01:00 [INF] Executing endpoint 'DNAustria.Api.Controllers.ContactsController.GetById (DNAustria.Api)'
2026-03-07 12:41:11.971 +01:00 [INF] Route matched with {action = "GetById", controller = "Contacts"}. Executing controller action with signature System.Threading.Tasks.Task`1[Microsoft.AspNetCore.Mvc.IActionResult] GetById(Int32) on controller DNAustria.Api.Controllers.ContactsController (DNAustria.Api).
2026-03-07 12:41:11.972 +01:00 [INF] Executing action method DNAustria.Api.Controllers.ContactsController.GetById (DNAustria.Api) - Validation state: "Valid"
2026-03-07 12:41:11.977 +01:00 [INF] Executed DbCommand (3ms) [Parameters=[@p='?' (DbType = Int32)], CommandType='"Text"', CommandTimeout='30']
SELECT c.id, c.email, c.name, c.organization, c.phone
FROM contact AS c
WHERE c.id = @p
LIMIT 1
2026-03-07 12:41:11.977 +01:00 [INF] Executed action method DNAustria.Api.Controllers.ContactsController.GetById (DNAustria.Api), returned result Microsoft.AspNetCore.Mvc.OkObjectResult in 5.037ms.
2026-03-07 12:41:11.978 +01:00 [INF] Executing OkObjectResult, writing value of type 'DNAustria.Api.Dtos.Contacts.ContactDto'.
2026-03-07 12:41:11.978 +01:00 [INF] Executed action DNAustria.Api.Controllers.ContactsController.GetById (DNAustria.Api) in 6.7751ms
2026-03-07 12:41:11.978 +01:00 [INF] Executed endpoint 'DNAustria.Api.Controllers.ContactsController.GetById (DNAustria.Api)'
2026-03-07 12:41:11.978 +01:00 [INF] Request finished HTTP/1.1 GET http://localhost:5001/api/Contacts/7 - 200 null application/json; charset=utf-8 7.9147ms
2026-03-07 12:41:17.090 +01:00 [INF] Request starting HTTP/1.1 PUT http://localhost:5001/api/Contacts/7 - application/json 111
2026-03-07 12:41:17.092 +01:00 [INF] CORS policy execution successful.
2026-03-07 12:41:17.092 +01:00 [INF] Executing endpoint 'DNAustria.Api.Controllers.ContactsController.Update (DNAustria.Api)'
2026-03-07 12:41:17.093 +01:00 [INF] Route matched with {action = "Update", controller = "Contacts"}. Executing controller action with signature System.Threading.Tasks.Task`1[Microsoft.AspNetCore.Mvc.IActionResult] Update(Int32, DNAustria.Api.Dtos.Contacts.UpdateContactDto) on controller DNAustria.Api.Controllers.ContactsController (DNAustria.Api).
2026-03-07 12:41:17.095 +01:00 [INF] Executing action method DNAustria.Api.Controllers.ContactsController.Update (DNAustria.Api) - Validation state: "Valid"
2026-03-07 12:41:17.100 +01:00 [INF] Executed DbCommand (2ms) [Parameters=[@p='?' (DbType = Int32)], CommandType='"Text"', CommandTimeout='30']
SELECT c.id, c.email, c.name, c.organization, c.phone
FROM contact AS c
WHERE c.id = @p
LIMIT 1
2026-03-07 12:41:17.101 +01:00 [INF] Executed action method DNAustria.Api.Controllers.ContactsController.Update (DNAustria.Api), returned result Microsoft.AspNetCore.Mvc.OkObjectResult in 5.2793ms.
2026-03-07 12:41:17.101 +01:00 [INF] Executing OkObjectResult, writing value of type 'DNAustria.Api.Dtos.Contacts.ContactDto'.
2026-03-07 12:41:17.101 +01:00 [INF] Executed action DNAustria.Api.Controllers.ContactsController.Update (DNAustria.Api) in 8.3814ms
2026-03-07 12:41:17.102 +01:00 [INF] Executed endpoint 'DNAustria.Api.Controllers.ContactsController.Update (DNAustria.Api)'
2026-03-07 12:41:17.103 +01:00 [INF] Request finished HTTP/1.1 PUT http://localhost:5001/api/Contacts/7 - 200 null application/json; charset=utf-8 12.6833ms
2026-03-07 12:42:03.368 +01:00 [INF] Application is shutting down...
2026-03-07 12:42:10.219 +01:00 [INF] OpenAPI-doc reachable at http://localhost:5001/scalar
2026-03-07 12:42:10.621 +01:00 [INF] Now listening on: http://localhost:5001
2026-03-07 12:42:10.624 +01:00 [INF] Application started. Press Ctrl+C to shut down.
2026-03-07 12:42:10.625 +01:00 [INF] Hosting environment: Development
2026-03-07 12:42:10.625 +01:00 [INF] Content root path: /Users/michaelwoeckinger/SPR6/DNAustria/product/backend/DNAustria/DNAustria.Api
2026-03-07 12:42:40.556 +01:00 [INF] Request starting HTTP/1.1 PUT http://localhost:5001/api/Contacts/7 - application/json 111
2026-03-07 12:42:40.579 +01:00 [WRN] Failed to determine the https port for redirect.
2026-03-07 12:42:40.580 +01:00 [INF] CORS policy execution successful.
2026-03-07 12:42:40.582 +01:00 [INF] Executing endpoint 'DNAustria.Api.Controllers.ContactsController.Update (DNAustria.Api)'
2026-03-07 12:42:40.594 +01:00 [INF] Route matched with {action = "Update", controller = "Contacts"}. Executing controller action with signature System.Threading.Tasks.Task`1[Microsoft.AspNetCore.Mvc.IActionResult] Update(Int32, DNAustria.Api.Dtos.Contacts.UpdateContactDto) on controller DNAustria.Api.Controllers.ContactsController (DNAustria.Api).
2026-03-07 12:42:40.749 +01:00 [INF] Executing action method DNAustria.Api.Controllers.ContactsController.Update (DNAustria.Api) - Validation state: "Valid"
2026-03-07 12:42:52.622 +01:00 [INF] Executed DbCommand (109ms) [Parameters=[@p='?' (DbType = Int32)], CommandType='"Text"', CommandTimeout='30']
SELECT c.id, c.email, c.name, c.organization, c.phone
FROM contact AS c
WHERE c.id = @p
LIMIT 1
2026-03-07 12:43:53.689 +01:00 [INF] Executed action method DNAustria.Api.Controllers.ContactsController.Update (DNAustria.Api), returned result Microsoft.AspNetCore.Mvc.OkObjectResult in 72935.328ms.
2026-03-07 12:43:53.703 +01:00 [INF] Executing OkObjectResult, writing value of type 'DNAustria.Api.Dtos.Contacts.ContactDto'.
2026-03-07 12:43:53.747 +01:00 [INF] Executed action DNAustria.Api.Controllers.ContactsController.Update (DNAustria.Api) in 73147.7819ms
2026-03-07 12:43:53.748 +01:00 [INF] Executed endpoint 'DNAustria.Api.Controllers.ContactsController.Update (DNAustria.Api)'
2026-03-07 12:43:53.763 +01:00 [INF] Request finished HTTP/1.1 PUT http://localhost:5001/api/Contacts/7 - 200 null application/json; charset=utf-8 73207.9213ms
2026-03-07 12:43:56.508 +01:00 [INF] Request starting HTTP/1.1 PUT http://localhost:5001/api/Contacts/7 - application/json 111
2026-03-07 12:43:56.509 +01:00 [INF] CORS policy execution successful.
2026-03-07 12:43:56.509 +01:00 [INF] Executing endpoint 'DNAustria.Api.Controllers.ContactsController.Update (DNAustria.Api)'
2026-03-07 12:43:56.510 +01:00 [INF] Route matched with {action = "Update", controller = "Contacts"}. Executing controller action with signature System.Threading.Tasks.Task`1[Microsoft.AspNetCore.Mvc.IActionResult] Update(Int32, DNAustria.Api.Dtos.Contacts.UpdateContactDto) on controller DNAustria.Api.Controllers.ContactsController (DNAustria.Api).
2026-03-07 12:43:56.514 +01:00 [INF] Executing action method DNAustria.Api.Controllers.ContactsController.Update (DNAustria.Api) - Validation state: "Valid"
2026-03-07 12:43:58.157 +01:00 [INF] Executed DbCommand (22ms) [Parameters=[@p='?' (DbType = Int32)], CommandType='"Text"', CommandTimeout='30']
SELECT c.id, c.email, c.name, c.organization, c.phone
FROM contact AS c
WHERE c.id = @p
LIMIT 1
