2026-02-28 10:14:00.963 +01:00 [INF] OpenAPI-doc reachable at http://localhost:5001/scalar
2026-02-28 10:14:01.136 +01:00 [INF] Now listening on: http://localhost:5001
2026-02-28 10:14:01.142 +01:00 [INF] Application started. Press Ctrl+C to shut down.
2026-02-28 10:14:01.143 +01:00 [INF] Hosting environment: Development
2026-02-28 10:14:01.145 +01:00 [INF] Content root path: C:\git\DNAustria\product\backend\DNAustria\DNAustria.Api
2026-02-28 10:14:12.912 +01:00 [INF] Request starting HTTP/1.1 GET http://localhost:5001/scalar - null null
2026-02-28 10:14:12.941 +01:00 [WRN] Failed to determine the https port for redirect.
2026-02-28 10:14:12.946 +01:00 [INF] Executing endpoint 'HTTP: GET /scalar/{documentName?}'
2026-02-28 10:14:12.951 +01:00 [INF] Executing RedirectResult, redirecting to scalar/.
2026-02-28 10:14:12.953 +01:00 [INF] Executed endpoint 'HTTP: GET /scalar/{documentName?}'
2026-02-28 10:14:12.959 +01:00 [INF] Request finished HTTP/1.1 GET http://localhost:5001/scalar - 302 0 null 49.1034ms
2026-02-28 10:14:12.973 +01:00 [INF] Request starting HTTP/1.1 GET http://localhost:5001/scalar/ - null null
2026-02-28 10:14:12.979 +01:00 [INF] Executing endpoint 'HTTP: GET /scalar/{documentName?}'
2026-02-28 10:14:13.144 +01:00 [INF] Write content with HTTP Response ContentType of text/html
2026-02-28 10:14:13.146 +01:00 [INF] Executed endpoint 'HTTP: GET /scalar/{documentName?}'
2026-02-28 10:14:13.148 +01:00 [INF] Request finished HTTP/1.1 GET http://localhost:5001/scalar/ - 200 622 text/html 174.7047ms
2026-02-28 10:14:13.170 +01:00 [INF] Request starting HTTP/1.1 GET http://localhost:5001/scalar/scalar.js - null null
2026-02-28 10:14:13.173 +01:00 [INF] Request starting HTTP/1.1 GET http://localhost:5001/scalar/scalar.aspnetcore.js - null null
2026-02-28 10:14:13.176 +01:00 [INF] Executing endpoint 'HTTP: GET /scalar/scalar.js'
2026-02-28 10:14:13.180 +01:00 [INF] CORS policy execution successful.
2026-02-28 10:14:13.182 +01:00 [INF] Executing endpoint 'HTTP: GET /scalar/scalar.aspnetcore.js'
2026-02-28 10:14:13.185 +01:00 [INF] Sending file with download name ''.
2026-02-28 10:14:13.185 +01:00 [INF] Sending file with download name ''.
2026-02-28 10:14:13.190 +01:00 [INF] Executed endpoint 'HTTP: GET /scalar/scalar.aspnetcore.js'
2026-02-28 10:14:13.193 +01:00 [INF] Request finished HTTP/1.1 GET http://localhost:5001/scalar/scalar.aspnetcore.js - 200 1111 text/javascript 19.4025ms
2026-02-28 10:14:13.202 +01:00 [INF] Executed endpoint 'HTTP: GET /scalar/scalar.js'
2026-02-28 10:14:13.206 +01:00 [INF] Request finished HTTP/1.1 GET http://localhost:5001/scalar/scalar.js - 200 991987 text/javascript 36.7508ms
2026-02-28 10:14:13.468 +01:00 [INF] Request starting HTTP/1.1 GET http://localhost:5001/openapi/v1.json - null null
2026-02-28 10:14:13.474 +01:00 [INF] Executing endpoint 'HTTP: GET /openapi/{documentName}.json'
2026-02-28 10:14:13.543 +01:00 [INF] Executed endpoint 'HTTP: GET /openapi/{documentName}.json'
2026-02-28 10:14:13.545 +01:00 [INF] Request finished HTTP/1.1 GET http://localhost:5001/openapi/v1.json - 200 null application/json;charset=utf-8 76.9678ms
2026-02-28 10:14:36.887 +01:00 [INF] Request starting HTTP/1.1 GET http://localhost:5001/Organisations - null null
2026-02-28 10:14:36.891 +01:00 [INF] Executing endpoint 'DNAustria.Api.Controllers.OrganisationsController.Get (DNAustria.Api)'
2026-02-28 10:14:36.902 +01:00 [INF] Route matched with {action = "Get", controller = "Organisations"}. Executing controller action with signature Microsoft.AspNetCore.Mvc.IActionResult Get() on controller DNAustria.Api.Controllers.OrganisationsController (DNAustria.Api).
2026-02-28 10:14:36.912 +01:00 [INF] Executing action method DNAustria.Api.Controllers.OrganisationsController.Get (DNAustria.Api) - Validation state: "Valid"
2026-02-28 10:14:36.918 +01:00 [INF] Executed action method DNAustria.Api.Controllers.OrganisationsController.Get (DNAustria.Api), returned result Microsoft.AspNetCore.Mvc.OkObjectResult in 0.2211ms.
2026-02-28 10:14:36.930 +01:00 [INF] Executing OkObjectResult, writing value of type 'System.String'.
2026-02-28 10:14:36.937 +01:00 [INF] Executed action DNAustria.Api.Controllers.OrganisationsController.Get (DNAustria.Api) in 28.2955ms
2026-02-28 10:14:36.939 +01:00 [INF] Executed endpoint 'DNAustria.Api.Controllers.OrganisationsController.Get (DNAustria.Api)'
2026-02-28 10:14:36.940 +01:00 [INF] Request finished HTTP/1.1 GET http://localhost:5001/Organisations - 200 null text/plain; charset=utf-8 53.0879ms
2026-02-28 10:14:40.764 +01:00 [INF] Application is shutting down...
2026-02-28 10:43:33.417 +01:00 [INF] OpenAPI-doc reachable at http://localhost:5001/scalar
2026-02-28 10:43:33.646 +01:00 [INF] Now listening on: http://localhost:5001
2026-02-28 10:43:33.652 +01:00 [INF] Application started. Press Ctrl+C to shut down.
2026-02-28 10:43:33.654 +01:00 [INF] Hosting environment: Development
2026-02-28 10:43:33.656 +01:00 [INF] Content root path: C:\git\DNAustria\product\backend\DNAustria\DNAustria.Api
2026-02-28 10:43:40.715 +01:00 [INF] Request starting HTTP/1.1 GET http://localhost:5001/scalar - null null
2026-02-28 10:43:40.752 +01:00 [WRN] Failed to determine the https port for redirect.
2026-02-28 10:43:40.759 +01:00 [INF] Executing endpoint 'HTTP: GET /scalar/{documentName?}'
2026-02-28 10:43:40.807 +01:00 [INF] Executing RedirectResult, redirecting to scalar/.
2026-02-28 10:43:40.809 +01:00 [INF] Executed endpoint 'HTTP: GET /scalar/{documentName?}'
2026-02-28 10:43:40.821 +01:00 [INF] Request finished HTTP/1.1 GET http://localhost:5001/scalar - 302 0 null 107.7664ms
2026-02-28 10:43:40.887 +01:00 [INF] Request starting HTTP/1.1 GET http://localhost:5001/scalar/ - null null
2026-02-28 10:43:40.897 +01:00 [INF] Executing endpoint 'HTTP: GET /scalar/{documentName?}'
2026-02-28 10:43:41.099 +01:00 [INF] Write content with HTTP Response ContentType of text/html
2026-02-28 10:43:41.101 +01:00 [INF] Executed endpoint 'HTTP: GET /scalar/{documentName?}'
2026-02-28 10:43:41.104 +01:00 [INF] Request finished HTTP/1.1 GET http://localhost:5001/scalar/ - 200 622 text/html 218.0144ms
2026-02-28 10:43:41.147 +01:00 [INF] Request starting HTTP/1.1 GET http://localhost:5001/scalar/scalar.aspnetcore.js - null null
2026-02-28 10:43:41.154 +01:00 [INF] CORS policy execution successful.
2026-02-28 10:43:41.188 +01:00 [INF] Request starting HTTP/1.1 GET http://localhost:5001/scalar/scalar.js - null null
2026-02-28 10:43:41.189 +01:00 [INF] Executing endpoint 'HTTP: GET /scalar/scalar.aspnetcore.js'
2026-02-28 10:43:41.194 +01:00 [INF] Executing endpoint 'HTTP: GET /scalar/scalar.js'
2026-02-28 10:43:41.202 +01:00 [INF] Sending file with download name ''.
2026-02-28 10:43:41.202 +01:00 [INF] Sending file with download name ''.
2026-02-28 10:43:41.209 +01:00 [INF] Executed endpoint 'HTTP: GET /scalar/scalar.aspnetcore.js'
2026-02-28 10:43:41.212 +01:00 [INF] Request finished HTTP/1.1 GET http://localhost:5001/scalar/scalar.aspnetcore.js - 200 1111 text/javascript 64.6252ms
2026-02-28 10:43:41.233 +01:00 [INF] Executed endpoint 'HTTP: GET /scalar/scalar.js'
2026-02-28 10:43:41.238 +01:00 [INF] Request finished HTTP/1.1 GET http://localhost:5001/scalar/scalar.js - 200 991987 text/javascript 49.8515ms
2026-02-28 10:43:41.546 +01:00 [INF] Request starting HTTP/1.1 GET http://localhost:5001/openapi/v1.json - null null
2026-02-28 10:43:41.554 +01:00 [INF] Executing endpoint 'HTTP: GET /openapi/{documentName}.json'
2026-02-28 10:43:41.731 +01:00 [INF] Executed endpoint 'HTTP: GET /openapi/{documentName}.json'
2026-02-28 10:43:41.734 +01:00 [INF] Request finished HTTP/1.1 GET http://localhost:5001/openapi/v1.json - 200 null application/json;charset=utf-8 187.7137ms
2026-02-28 10:43:48.584 +01:00 [INF] Request starting HTTP/1.1 GET http://localhost:5001/Locations - null null
2026-02-28 10:43:48.587 +01:00 [INF] Executing endpoint 'DNAustria.Api.Controllers.LocationsController.Get (DNAustria.Api)'
2026-02-28 10:43:48.606 +01:00 [INF] Route matched with {action = "Get", controller = "Locations"}. Executing controller action with signature Microsoft.AspNetCore.Mvc.IActionResult Get() on controller DNAustria.Api.Controllers.LocationsController (DNAustria.Api).
2026-02-28 10:43:48.778 +01:00 [INF] Executing action method DNAustria.Api.Controllers.LocationsController.Get (DNAustria.Api) - Validation state: "Valid"
2026-02-28 10:43:49.306 +01:00 [INF] Executed action DNAustria.Api.Controllers.LocationsController.Get (DNAustria.Api) in 693.4147ms
2026-02-28 10:43:49.308 +01:00 [INF] Executed endpoint 'DNAustria.Api.Controllers.LocationsController.Get (DNAustria.Api)'
2026-02-28 10:43:49.311 +01:00 [ERR] An unhandled exception has occurred while executing the request.
System.IO.FileNotFoundException: Could not load file or assembly 'Microsoft.EntityFrameworkCore.Relational, Version=10.0.3.0, Culture=neutral, PublicKeyToken=adb9793829ddae60'. Das System kann die angegebene Datei nicht finden.
File name: 'Microsoft.EntityFrameworkCore.Relational, Version=10.0.3.0, Culture=neutral, PublicKeyToken=adb9793829ddae60'
   at DNAustria.Dal.Data.AppDbContext.<>c.<OnModelCreating>b__29_0(EntityTypeBuilder`1 entity) in C:\git\DNAustria\product\backend\DNAustria\DNAustria.Dal\Data\AppDbContext.cs:line 34
   at DNAustria.Dal.Data.AppDbContext.<>c.<OnModelCreating>b__29_0(EntityTypeBuilder`1 entity) in C:\git\DNAustria\product\backend\DNAustria\DNAustria.Dal\Data\AppDbContext.cs:line 34
   at Microsoft.EntityFrameworkCore.ModelBuilder.Entity[TEntity](Action`1 buildAction)
   at DNAustria.Dal.Data.AppDbContext.OnModelCreating(ModelBuilder modelBuilder) in C:\git\DNAustria\product\backend\DNAustria\DNAustria.Dal\Data\AppDbContext.cs:line 33
   at Microsoft.EntityFrameworkCore.Infrastructure.ModelCustomizer.Customize(ModelBuilder modelBuilder, DbContext context)
   at Microsoft.EntityFrameworkCore.Infrastructure.ModelSource.CreateModel(DbContext context, IConventionSetBuilder conventionSetBuilder, ModelDependencies modelDependencies)
   at Microsoft.EntityFrameworkCore.Infrastructure.ModelSource.CreateModel(DbContext context, ModelCreationDependencies modelCreationDependencies, Boolean designTime)
   at Microsoft.EntityFrameworkCore.Infrastructure.ModelSource.GetModel(DbContext context, ModelCreationDependencies modelCreationDependencies, Boolean designTime)
   at Microsoft.EntityFrameworkCore.Internal.DbContextServices.CreateModel(Boolean designTime)
   at Microsoft.EntityFrameworkCore.Internal.DbContextServices.get_Model()
   at Microsoft.EntityFrameworkCore.Infrastructure.EntityFrameworkServicesBuilder.<>c.<TryAddCoreServices>b__8_4(IServiceProvider p)
   at Microsoft.Extensions.DependencyInjection.ServiceLookup.CallSiteRuntimeResolver.VisitFactory(FactoryCallSite factoryCallSite, RuntimeResolverContext context)
   at Microsoft.Extensions.DependencyInjection.ServiceLookup.CallSiteVisitor`2.VisitCallSiteMain(ServiceCallSite callSite, TArgument argument)
   at Microsoft.Extensions.DependencyInjection.ServiceLookup.CallSiteRuntimeResolver.VisitCache(ServiceCallSite callSite, RuntimeResolverContext context, ServiceProviderEngineScope serviceProviderEngine, RuntimeResolverLock lockType)
   at Microsoft.Extensions.DependencyInjection.ServiceLookup.CallSiteRuntimeResolver.VisitScopeCache(ServiceCallSite callSite, RuntimeResolverContext context)
   at Microsoft.Extensions.DependencyInjection.ServiceLookup.CallSiteVisitor`2.VisitCallSite(ServiceCallSite callSite, TArgument argument)
   at Microsoft.Extensions.DependencyInjection.ServiceLookup.CallSiteRuntimeResolver.VisitConstructor(ConstructorCallSite constructorCallSite, RuntimeResolverContext context)
   at Microsoft.Extensions.DependencyInjection.ServiceLookup.CallSiteVisitor`2.VisitCallSiteMain(ServiceCallSite callSite, TArgument argument)
   at Microsoft.Extensions.DependencyInjection.ServiceLookup.CallSiteRuntimeResolver.VisitCache(ServiceCallSite callSite, RuntimeResolverContext context, ServiceProviderEngineScope serviceProviderEngine, RuntimeResolverLock lockType)
   at Microsoft.Extensions.DependencyInjection.ServiceLookup.CallSiteRuntimeResolver.VisitScopeCache(ServiceCallSite callSite, RuntimeResolverContext context)
   at Microsoft.Extensions.DependencyInjection.ServiceLookup.CallSiteVisitor`2.VisitCallSite(ServiceCallSite callSite, TArgument argument)
   at Microsoft.Extensions.DependencyInjection.ServiceLookup.CallSiteRuntimeResolver.VisitConstructor(ConstructorCallSite constructorCallSite, RuntimeResolverContext context)
   at Microsoft.Extensions.DependencyInjection.ServiceLookup.CallSiteVisitor`2.VisitCallSiteMain(ServiceCallSite callSite, TArgument argument)
   at Microsoft.Extensions.DependencyInjection.ServiceLookup.CallSiteRuntimeResolver.VisitCache(ServiceCallSite callSite, RuntimeResolverContext context, ServiceProviderEngineScope serviceProviderEngine, RuntimeResolverLock lockType)
   at Microsoft.Extensions.DependencyInjection.ServiceLookup.CallSiteRuntimeResolver.VisitScopeCache(ServiceCallSite callSite, RuntimeResolverContext context)
   at Microsoft.Extensions.DependencyInjection.ServiceLookup.CallSiteVisitor`2.VisitCallSite(ServiceCallSite callSite, TArgument argument)
   at Microsoft.Extensions.DependencyInjection.ServiceLookup.CallSiteRuntimeResolver.VisitConstructor(ConstructorCallSite constructorCallSite, RuntimeResolverContext context)
   at Microsoft.Extensions.DependencyInjection.ServiceLookup.CallSiteVisitor`2.VisitCallSiteMain(ServiceCallSite callSite, TArgument argument)
   at Microsoft.Extensions.DependencyInjection.ServiceLookup.CallSiteRuntimeResolver.VisitCache(ServiceCallSite callSite, RuntimeResolverContext context, ServiceProviderEngineScope serviceProviderEngine, RuntimeResolverLock lockType)
   at Microsoft.Extensions.DependencyInjection.ServiceLookup.CallSiteRuntimeResolver.VisitScopeCache(ServiceCallSite callSite, RuntimeResolverContext context)
   at Microsoft.Extensions.DependencyInjection.ServiceLookup.CallSiteVisitor`2.VisitCallSite(ServiceCallSite callSite, TArgument argument)
   at Microsoft.Extensions.DependencyInjection.ServiceLookup.CallSiteRuntimeResolver.VisitConstructor(ConstructorCallSite constructorCallSite, RuntimeResolverContext context)
   at Microsoft.Extensions.DependencyInjection.ServiceLookup.CallSiteVisitor`2.VisitCallSiteMain(ServiceCallSite callSite, TArgument argument)
   at Microsoft.Extensions.DependencyInjection.ServiceLookup.CallSiteRuntimeResolver.VisitCache(ServiceCallSite callSite, RuntimeResolverContext context, ServiceProviderEngineScope serviceProviderEngine, RuntimeResolverLock lockType)
   at Microsoft.Extensions.DependencyInjection.ServiceLookup.CallSiteRuntimeResolver.VisitScopeCache(ServiceCallSite callSite, RuntimeResolverContext context)
   at Microsoft.Extensions.DependencyInjection.ServiceLookup.CallSiteVisitor`2.VisitCallSite(ServiceCallSite callSite, TArgument argument)
   at Microsoft.Extensions.DependencyInjection.ServiceLookup.CallSiteRuntimeResolver.VisitConstructor(ConstructorCallSite constructorCallSite, RuntimeResolverContext context)
   at Microsoft.Extensions.DependencyInjection.ServiceLookup.CallSiteVisitor`2.VisitCallSiteMain(ServiceCallSite callSite, TArgument argument)
   at Microsoft.Extensions.DependencyInjection.ServiceLookup.CallSiteRuntimeResolver.VisitCache(ServiceCallSite callSite, RuntimeResolverContext context, ServiceProviderEngineScope serviceProviderEngine, RuntimeResolverLock lockType)
   at Microsoft.Extensions.DependencyInjection.ServiceLookup.CallSiteRuntimeResolver.VisitScopeCache(ServiceCallSite callSite, RuntimeResolverContext context)
   at Microsoft.Extensions.DependencyInjection.ServiceLookup.CallSiteVisitor`2.VisitCallSite(ServiceCallSite callSite, TArgument argument)
   at Microsoft.Extensions.DependencyInjection.ServiceLookup.CallSiteRuntimeResolver.Resolve(ServiceCallSite callSite, ServiceProviderEngineScope scope)
   at Microsoft.Extensions.DependencyInjection.ServiceLookup.DynamicServiceProviderEngine.<>c__DisplayClass2_0.<RealizeService>b__0(ServiceProviderEngineScope scope)
   at Microsoft.Extensions.DependencyInjection.ServiceProvider.GetService(ServiceIdentifier serviceIdentifier, ServiceProviderEngineScope serviceProviderEngineScope)
   at Microsoft.Extensions.DependencyInjection.ServiceLookup.ServiceProviderEngineScope.GetService(Type serviceType)
   at Microsoft.Extensions.DependencyInjection.ServiceProviderServiceExtensions.GetRequiredService(IServiceProvider provider, Type serviceType)
   at Microsoft.Extensions.DependencyInjection.ServiceProviderServiceExtensions.GetRequiredService[T](IServiceProvider provider)
   at Microsoft.EntityFrameworkCore.DbContext.get_DbContextDependencies()
   at Microsoft.EntityFrameworkCore.DbContext.get_ContextServices()
   at Microsoft.EntityFrameworkCore.DbContext.get_Model()
   at Microsoft.EntityFrameworkCore.Internal.InternalDbSet`1.get_EntityType()
   at Microsoft.EntityFrameworkCore.Internal.InternalDbSet`1.CheckState()
   at Microsoft.EntityFrameworkCore.Internal.InternalDbSet`1.get_EntityQueryable()
   at Microsoft.EntityFrameworkCore.Internal.InternalDbSet`1.System.Collections.Generic.IEnumerable<TEntity>.GetEnumerator()
   at System.Collections.Generic.List`1..ctor(IEnumerable`1 collection)
   at System.Linq.Enumerable.ToList[TSource](IEnumerable`1 source)
   at DNAustria.Api.Controllers.LocationsController.Get() in C:\git\DNAustria\product\backend\DNAustria\DNAustria.Api\Controllers\LocationsController.cs:line 14
   at lambda_method2(Closure, Object, Object[])
   at Microsoft.AspNetCore.Mvc.Infrastructure.ActionMethodExecutor.SyncActionResultExecutor.Execute(ActionContext actionContext, IActionResultTypeMapper mapper, ObjectMethodExecutor executor, Object controller, Object[] arguments)
   at Microsoft.AspNetCore.Mvc.Infrastructure.ControllerActionInvoker.<InvokeActionMethodAsync>g__Logged|12_1(ControllerActionInvoker invoker)
   at Microsoft.AspNetCore.Mvc.Infrastructure.ControllerActionInvoker.<InvokeNextActionFilterAsync>g__Awaited|10_0(ControllerActionInvoker invoker, Task lastTask, State next, Scope scope, Object state, Boolean isCompleted)
   at Microsoft.AspNetCore.Mvc.Infrastructure.ControllerActionInvoker.Rethrow(ActionExecutedContextSealed context)
   at Microsoft.AspNetCore.Mvc.Infrastructure.ControllerActionInvoker.Next(State& next, Scope& scope, Object& state, Boolean& isCompleted)
   at Microsoft.AspNetCore.Mvc.Infrastructure.ControllerActionInvoker.InvokeInnerFilterAsync()
--- End of stack trace from previous location ---
   at Microsoft.AspNetCore.Mvc.Infrastructure.ResourceInvoker.<InvokeFilterPipelineAsync>g__Awaited|20_0(ResourceInvoker invoker, Task lastTask, State next, Scope scope, Object state, Boolean isCompleted)
   at Microsoft.AspNetCore.Mvc.Infrastructure.ResourceInvoker.<InvokeAsync>g__Logged|17_1(ResourceInvoker invoker)
   at Microsoft.AspNetCore.Mvc.Infrastructure.ResourceInvoker.<InvokeAsync>g__Logged|17_1(ResourceInvoker invoker)
   at Microsoft.AspNetCore.Routing.EndpointMiddleware.<Invoke>g__AwaitRequestTask|7_0(Endpoint endpoint, Task requestTask, ILogger logger)
   at Microsoft.AspNetCore.Authorization.AuthorizationMiddleware.Invoke(HttpContext context)
   at Microsoft.AspNetCore.Authentication.AuthenticationMiddleware.Invoke(HttpContext context)
   at Microsoft.AspNetCore.Diagnostics.DeveloperExceptionPageMiddlewareImpl.Invoke(HttpContext context)
2026-02-28 10:43:49.357 +01:00 [INF] Request finished HTTP/1.1 GET http://localhost:5001/Locations - 500 null text/plain; charset=utf-8 772.8967ms
2026-02-28 10:46:21.897 +01:00 [INF] Application is shutting down...
2026-02-28 10:47:51.338 +01:00 [INF] OpenAPI-doc reachable at http://localhost:5001/scalar
2026-02-28 10:47:51.662 +01:00 [INF] Now listening on: http://localhost:5001
2026-02-28 10:47:51.673 +01:00 [INF] Application started. Press Ctrl+C to shut down.
2026-02-28 10:47:51.680 +01:00 [INF] Hosting environment: Development
2026-02-28 10:47:51.683 +01:00 [INF] Content root path: C:\git\DNAustria\product\backend\DNAustria\DNAustria.Api
2026-02-28 10:47:54.831 +01:00 [INF] Request starting HTTP/1.1 GET http://localhost:5001/scalar/ - null null
2026-02-28 10:47:54.871 +01:00 [WRN] Failed to determine the https port for redirect.
2026-02-28 10:47:54.877 +01:00 [INF] Executing endpoint 'HTTP: GET /scalar/{documentName?}'
2026-02-28 10:47:55.173 +01:00 [INF] Write content with HTTP Response ContentType of text/html
2026-02-28 10:47:55.241 +01:00 [INF] Executed endpoint 'HTTP: GET /scalar/{documentName?}'
2026-02-28 10:47:55.246 +01:00 [INF] Request finished HTTP/1.1 GET http://localhost:5001/scalar/ - 200 622 text/html 417.1096ms
2026-02-28 10:47:55.272 +01:00 [INF] Request starting HTTP/1.1 GET http://localhost:5001/scalar/scalar.js - null null
2026-02-28 10:47:55.272 +01:00 [INF] Request starting HTTP/1.1 GET http://localhost:5001/scalar/scalar.aspnetcore.js - null null
2026-02-28 10:47:55.281 +01:00 [INF] Executing endpoint 'HTTP: GET /scalar/scalar.js'
2026-02-28 10:47:55.286 +01:00 [INF] CORS policy execution successful.
2026-02-28 10:47:55.288 +01:00 [INF] Executing endpoint 'HTTP: GET /scalar/scalar.aspnetcore.js'
2026-02-28 10:47:55.395 +01:00 [INF] Sending file with download name ''.
2026-02-28 10:47:55.395 +01:00 [INF] Sending file with download name ''.
2026-02-28 10:47:55.401 +01:00 [INF] Executed endpoint 'HTTP: GET /scalar/scalar.aspnetcore.js'
2026-02-28 10:47:55.404 +01:00 [INF] Request finished HTTP/1.1 GET http://localhost:5001/scalar/scalar.aspnetcore.js - 200 1111 text/javascript 131.9899ms
2026-02-28 10:47:55.511 +01:00 [INF] Executed endpoint 'HTTP: GET /scalar/scalar.js'
2026-02-28 10:47:55.518 +01:00 [INF] Request finished HTTP/1.1 GET http://localhost:5001/scalar/scalar.js - 200 991987 text/javascript 245.9499ms
2026-02-28 10:47:55.981 +01:00 [INF] Request starting HTTP/1.1 GET http://localhost:5001/openapi/v1.json - null null
2026-02-28 10:47:55.987 +01:00 [INF] Executing endpoint 'HTTP: GET /openapi/{documentName}.json'
2026-02-28 10:47:56.155 +01:00 [INF] Executed endpoint 'HTTP: GET /openapi/{documentName}.json'
2026-02-28 10:47:56.158 +01:00 [INF] Request finished HTTP/1.1 GET http://localhost:5001/openapi/v1.json - 200 null application/json;charset=utf-8 176.9859ms
2026-02-28 10:47:56.277 +01:00 [INF] Request starting HTTP/1.1 GET http://localhost:5001/scalar/favicon.svg - null null
2026-02-28 10:47:56.285 +01:00 [INF] Executing endpoint 'HTTP: GET /scalar/favicon.svg'
2026-02-28 10:47:56.289 +01:00 [INF] Sending file with download name ''.
2026-02-28 10:47:56.293 +01:00 [INF] Executed endpoint 'HTTP: GET /scalar/favicon.svg'
2026-02-28 10:47:56.296 +01:00 [INF] Request finished HTTP/1.1 GET http://localhost:5001/scalar/favicon.svg - 200 533 image/svg+xml 18.2144ms
2026-02-28 10:48:01.583 +01:00 [INF] Request starting HTTP/1.1 GET http://localhost:5001/Locations - null null
2026-02-28 10:48:01.588 +01:00 [INF] Executing endpoint 'DNAustria.Api.Controllers.LocationsController.Get (DNAustria.Api)'
2026-02-28 10:48:01.607 +01:00 [INF] Route matched with {action = "Get", controller = "Locations"}. Executing controller action with signature Microsoft.AspNetCore.Mvc.IActionResult Get() on controller DNAustria.Api.Controllers.LocationsController (DNAustria.Api).
2026-02-28 10:48:01.827 +01:00 [INF] Executing action method DNAustria.Api.Controllers.LocationsController.Get (DNAustria.Api) - Validation state: "Valid"
2026-02-28 10:48:03.225 +01:00 [INF] Executed DbCommand (25ms) [Parameters=[], CommandType='"Text"', CommandTimeout='30']
SELECT l.id, l.address, l.latitude, l.longitude, l.name
FROM location AS l
2026-02-28 10:48:03.258 +01:00 [INF] Executed action method DNAustria.Api.Controllers.LocationsController.Get (DNAustria.Api), returned result Microsoft.AspNetCore.Mvc.OkObjectResult in 1422.7744ms.
2026-02-28 10:48:03.267 +01:00 [INF] Executing OkObjectResult, writing value of type 'System.Collections.Generic.List`1[[DNAustria.Dal.Models.Location, DNAustria.Dal, Version=1.0.0.0, Culture=neutral, PublicKeyToken=null]]'.
2026-02-28 10:48:03.294 +01:00 [INF] Executed action DNAustria.Api.Controllers.LocationsController.Get (DNAustria.Api) in 1679.8091ms
2026-02-28 10:48:03.296 +01:00 [INF] Executed endpoint 'DNAustria.Api.Controllers.LocationsController.Get (DNAustria.Api)'
2026-02-28 10:48:03.311 +01:00 [INF] Request finished HTTP/1.1 GET http://localhost:5001/Locations - 200 null application/json; charset=utf-8 1728.2735ms
2026-02-28 10:49:43.745 +01:00 [INF] Application is shutting down...
2026-02-28 10:49:47.056 +01:00 [INF] OpenAPI-doc reachable at http://localhost:5001/scalar
2026-02-28 10:49:47.254 +01:00 [INF] Now listening on: http://localhost:5001
2026-02-28 10:49:47.262 +01:00 [INF] Application started. Press Ctrl+C to shut down.
2026-02-28 10:49:47.265 +01:00 [INF] Hosting environment: Development
2026-02-28 10:49:47.269 +01:00 [INF] Content root path: C:\git\DNAustria\product\backend\DNAustria\DNAustria.Api
2026-02-28 10:49:48.840 +01:00 [INF] Request starting HTTP/1.1 GET http://localhost:5001/Locations - null null
2026-02-28 10:49:48.869 +01:00 [WRN] Failed to determine the https port for redirect.
2026-02-28 10:49:48.874 +01:00 [INF] Executing endpoint 'DNAustria.Api.Controllers.LocationsController.Get (DNAustria.Api)'
2026-02-28 10:49:48.890 +01:00 [INF] Route matched with {action = "Get", controller = "Locations"}. Executing controller action with signature Microsoft.AspNetCore.Mvc.IActionResult Get() on controller DNAustria.Api.Controllers.LocationsController (DNAustria.Api).
2026-02-28 10:49:49.044 +01:00 [INF] Executing action method DNAustria.Api.Controllers.LocationsController.Get (DNAustria.Api) - Validation state: "Valid"
2026-02-28 10:49:50.427 +01:00 [INF] Executed DbCommand (86ms) [Parameters=[@p0='?' (DbType = Int32), @p1='?' (DbType = Double), @p2='?' (DbType = Double), @p3='?'], CommandType='"Text"', CommandTimeout='30']
INSERT INTO location (address, latitude, longitude, name)
VALUES (@p0, @p1, @p2, @p3)
RETURNING id;
2026-02-28 10:49:50.688 +01:00 [INF] Executed DbCommand (2ms) [Parameters=[], CommandType='"Text"', CommandTimeout='30']
SELECT l.id, l.address, l.latitude, l.longitude, l.name
FROM location AS l
2026-02-28 10:49:50.699 +01:00 [INF] Executed action method DNAustria.Api.Controllers.LocationsController.Get (DNAustria.Api), returned result Microsoft.AspNetCore.Mvc.OkObjectResult in 1647.5284ms.
2026-02-28 10:49:50.711 +01:00 [INF] Executing OkObjectResult, writing value of type 'System.Collections.Generic.List`1[[DNAustria.Dal.Models.Location, DNAustria.Dal, Version=1.0.0.0, Culture=neutral, PublicKeyToken=null]]'.
2026-02-28 10:49:50.755 +01:00 [INF] Executed action DNAustria.Api.Controllers.LocationsController.Get (DNAustria.Api) in 1858.1843ms
2026-02-28 10:49:50.758 +01:00 [INF] Executed endpoint 'DNAustria.Api.Controllers.LocationsController.Get (DNAustria.Api)'
2026-02-28 10:49:50.768 +01:00 [INF] Request finished HTTP/1.1 GET http://localhost:5001/Locations - 200 null application/json; charset=utf-8 1929.2474ms
2026-02-28 10:50:35.405 +01:00 [INF] Application is shutting down...
